// Jest Snapshot v1, https://goo.gl/fbAQLP

exports[`Tests on <Loading /> Should be correctly render 1`] = `
<div
  className="loading"
>
  <div
    className="loader-container"
  >
    <div
      className="single6"
    />
  </div>
  <div
    className="line-container"
  >
    <span
      className="single-line"
    >
      Loading
    </span>
  </div>
</div>
`;
